// Jest Snapshot v1, https://goo.gl/fbAQLP

exports[`Test the /login route respond with an error if incorrect info is entered 1`] = `
{
  "message": "Invalid credentials",
}
`;
